[2026-05-24T12:21:25.153570+00:00] startup header
  executable=C:\Users\babi2\AppData\Local\Programs\Python\Python313\python.exe
  version=3.13.0
  cwd=C:\J.A.R.V.I.S\local_jarvis
  env=yes
  mode=text(default)+wakeword(env)
[2026-05-24T12:21:25.196660+00:00] import pystray: ok
[2026-05-24T12:21:25.198452+00:00] import Pillow: ok
[2026-05-24T12:21:30.201319+00:00] import openwakeword: ok
[2026-05-24T12:21:30.201978+00:00] import onnxruntime: ok
[2026-05-24T12:21:30.392894+00:00] import sounddevice: ok
[2026-05-24T12:21:30.395196+00:00] import pyttsx3: ok
[2026-05-24T12:21:30.488124+00:00] import PySide6: ok
[2026-05-24T12:21:36.767424+00:00] startup header
  executable=C:\Users\babi2\AppData\Local\Programs\Python\Python313\python.exe
  version=3.13.0
  cwd=C:\J.A.R.V.I.S\local_jarvis
  env=yes
  mode=text(default)+wakeword(env)
[2026-05-24T12:21:36.768263+00:00] startup
  mode=other
  wake=True
  voice=True
  speak=True
  python=C:\Users\babi2\AppData\Local\Programs\Python\Python313\python.exe
[2026-05-24T12:21:36.775330+00:00] wakeword-only: detector starting
[2026-05-24T12:21:36.777260+00:00] wakeword-only: keepalive loop
[2026-05-24T12:23:13.619242+00:00] wakeword-only: stopped
[2026-05-24T12:37:41.791445+00:00] startup header
  executable=C:\Users\babi2\AppData\Local\Programs\Python\Python313\python.exe
  version=3.13.0
  cwd=C:\J.A.R.V.I.S\local_jarvis
  env=yes
  mode=text(default)+wakeword(env)
[2026-05-24T12:37:41.840889+00:00] import pystray: ok
[2026-05-24T12:37:41.843355+00:00] import Pillow: ok
[2026-05-24T12:37:42.818092+00:00] import openwakeword: ok
[2026-05-24T12:37:42.818731+00:00] import onnxruntime: ok
[2026-05-24T12:37:43.001505+00:00] import sounddevice: ok
[2026-05-24T12:37:43.003758+00:00] import pyttsx3: ok
[2026-05-24T12:37:43.032887+00:00] import PySide6: ok
[2026-05-24T12:37:46.573009+00:00] startup header
  executable=C:\Users\babi2\AppData\Local\Programs\Python\Python313\python.exe
  version=3.13.0
  cwd=C:\J.A.R.V.I.S\local_jarvis
  env=yes
  mode=text(default)+wakeword(env)
[2026-05-24T12:37:46.573692+00:00] startup
  mode=other
  wake=True
  voice=True
  speak=True
  python=C:\Users\babi2\AppData\Local\Programs\Python\Python313\python.exe
[2026-05-24T12:37:46.578508+00:00] wakeword-only: detector starting
[2026-05-24T12:37:46.593381+00:00] wakeword-only: keepalive loop
[2026-05-24T13:27:50.698395+00:00] startup header
  executable=C:\Users\babi2\AppData\Local\Programs\Python\Python313\python.exe
  version=3.13.0
  cwd=C:\J.A.R.V.I.S\local_jarvis
  env=yes
  mode=text(default)+wakeword(env)
[2026-05-24T13:27:50.741434+00:00] import pystray: ok
[2026-05-24T13:27:50.743354+00:00] import Pillow: ok
[2026-05-24T13:27:51.779930+00:00] import openwakeword: ok
[2026-05-24T13:27:51.780572+00:00] import onnxruntime: ok
[2026-05-24T13:27:51.972163+00:00] import sounddevice: ok
[2026-05-24T13:27:51.974462+00:00] import pyttsx3: ok
[2026-05-24T13:27:52.004763+00:00] import PySide6: ok
[2026-05-24T13:27:55.913495+00:00] startup header
  executable=C:\Users\babi2\AppData\Local\Programs\Python\Python313\python.exe
  version=3.13.0
  cwd=C:\J.A.R.V.I.S\local_jarvis
  env=yes
  mode=text(default)+wakeword(env)
[2026-05-24T13:27:55.914290+00:00] startup
  mode=other
  wake=True
  voice=True
  speak=True
  python=C:\Users\babi2\AppData\Local\Programs\Python\Python313\python.exe
[2026-05-24T13:27:55.921222+00:00] wakeword-only: detector starting
[2026-05-24T13:27:55.933021+00:00] wakeword-only: keepalive loop
[2026-05-24T14:07:09.281620+00:00] smoke test begin
[2026-05-24T14:07:09.283217+00:00] smoke test PASS
  .env file=PASS (ok)
  config loaded=PASS (ok)
  pystray import=PASS (ok)
  Pillow import=PASS (ok)
  PySide6 import=PASS (ok)
  openwakeword import=PASS (ok)
  onnxruntime import=PASS (ok)
  sounddevice import=PASS (ok)
  pyttsx3 import=PASS (ok)
  wake word model file=PASS (C:\Users\babi2\AppData\Local\Programs\Python\Python313\Lib\site-packages\openwakeword\resources\models\hey_jarvis_v0.1.onnx)
  microphone query=PASS (18 input device(s))
  overlay config=PASS (OVERLAY_ENABLED=True style=premium_ironman_full theme=jarvis_blue opacity=0.92)
[2026-05-24T14:07:12.559699+00:00] startup header
  executable=C:\Users\babi2\AppData\Local\Programs\Python\Python313\python.exe
  version=3.13.0
  cwd=C:\J.A.R.V.I.S\local_jarvis
  env=yes
  mode=tray+wakeword+speak
[2026-05-24T14:07:16.377350+00:00] startup header
  executable=C:\Users\babi2\AppData\Local\Programs\Python\Python313\python.exe
  version=3.13.0
  cwd=C:\J.A.R.V.I.S\local_jarvis
  env=yes
  mode=tray+wakeword+speak
[2026-05-24T14:07:16.378099+00:00] startup
  mode=tray
  wake=True
  voice=True
  speak=True
  python=C:\Users\babi2\AppData\Local\Programs\Python\Python313\python.exe
[2026-05-24T14:07:16.379306+00:00] background quiet mode: tray only (no console HUD)
[2026-05-24T14:07:16.379862+00:00] tray: entering main loop
[2026-05-24T14:07:16.380677+00:00] tray: main loop ended
[2026-05-24T14:07:19.625989+00:00] watchdog started
[2026-05-24T14:07:19.627327+00:00] tray icon run() starting
[2026-05-24T14:07:19.628329+00:00] tray run() ended
[2026-05-24T14:07:26.023184+00:00] watchdog started
[2026-05-24T14:07:26.024468+00:00] tray icon run() starting
[2026-05-24T14:07:26.025276+00:00] tray run() ended
[2026-05-24T14:07:29.220484+00:00] startup header
  executable=C:\Users\babi2\AppData\Local\Programs\Python\Python313\python.exe
  version=3.13.0
  cwd=C:\J.A.R.V.I.S\local_jarvis
  env=yes
  mode=smoke
[2026-05-24T14:07:32.238616+00:00] startup header
  executable=C:\Users\babi2\AppData\Local\Programs\Python\Python313\python.exe
  version=3.13.0
  cwd=C:\J.A.R.V.I.S\local_jarvis
  env=yes
  mode=tray+wakeword(env)+debug-startup
[2026-05-24T14:07:35.186673+00:00] startup header
  executable=C:\Users\babi2\AppData\Local\Programs\Python\Python313\python.exe
  version=3.13.0
  cwd=C:\J.A.R.V.I.S\local_jarvis
  env=yes
  mode=tray+wakeword(env)+debug-startup
[2026-05-24T14:07:35.187470+00:00] startup
  mode=tray
  wake=True
  voice=True
  speak=False
  python=C:\Users\babi2\AppData\Local\Programs\Python\Python313\python.exe
[2026-05-24T14:07:35.188883+00:00] background quiet mode: tray only (no console HUD)
[2026-05-24T14:07:35.190168+00:00] tray: entering main loop
[2026-05-24T14:07:35.252209+00:00] tray: main loop ended
[2026-05-24T14:29:11.021008+00:00] smoke test begin
[2026-05-24T14:29:11.022560+00:00] smoke test PASS
  .env file=PASS (ok)
  config loaded=PASS (ok)
  pystray import=PASS (ok)
  Pillow import=PASS (ok)
  PySide6 import=PASS (ok)
  openwakeword import=PASS (ok)
  onnxruntime import=PASS (ok)
  sounddevice import=PASS (ok)
  pyttsx3 import=PASS (ok)
  wake word model file=PASS (C:\Users\babi2\AppData\Local\Programs\Python\Python313\Lib\site-packages\openwakeword\resources\models\hey_jarvis_v0.1.onnx)
  microphone query=PASS (18 input device(s))
  overlay config=PASS (OVERLAY_ENABLED=True style=premium_ironman_full theme=jarvis_blue opacity=0.92)
[2026-05-24T14:29:14.292657+00:00] startup header
  executable=C:\Users\babi2\AppData\Local\Programs\Python\Python313\python.exe
  version=3.13.0
  cwd=C:\J.A.R.V.I.S\local_jarvis
  env=yes
  mode=tray+wakeword+speak
[2026-05-24T14:29:18.163085+00:00] startup header
  executable=C:\Users\babi2\AppData\Local\Programs\Python\Python313\python.exe
  version=3.13.0
  cwd=C:\J.A.R.V.I.S\local_jarvis
  env=yes
  mode=tray+wakeword+speak
[2026-05-24T14:29:18.163817+00:00] startup
  mode=tray
  wake=True
  voice=True
  speak=True
  python=C:\Users\babi2\AppData\Local\Programs\Python\Python313\python.exe
[2026-05-24T14:29:18.165056+00:00] background quiet mode: tray only (no console HUD)
[2026-05-24T14:29:18.165658+00:00] tray: entering main loop
[2026-05-24T14:29:18.166435+00:00] tray: main loop ended
[2026-05-24T14:29:21.413666+00:00] watchdog started
[2026-05-24T14:29:21.415017+00:00] tray icon run() starting
[2026-05-24T14:29:21.416050+00:00] tray run() ended
[2026-05-24T14:29:27.798250+00:00] watchdog started
[2026-05-24T14:29:27.799873+00:00] tray icon run() starting
[2026-05-24T14:29:27.800711+00:00] tray run() ended
[2026-05-24T14:29:30.979236+00:00] startup header
  executable=C:\Users\babi2\AppData\Local\Programs\Python\Python313\python.exe
  version=3.13.0
  cwd=C:\J.A.R.V.I.S\local_jarvis
  env=yes
  mode=smoke
[2026-05-24T14:29:33.992953+00:00] startup header
  executable=C:\Users\babi2\AppData\Local\Programs\Python\Python313\python.exe
  version=3.13.0
  cwd=C:\J.A.R.V.I.S\local_jarvis
  env=yes
  mode=tray+wakeword(env)+debug-startup
[2026-05-24T14:29:36.874912+00:00] startup header
  executable=C:\Users\babi2\AppData\Local\Programs\Python\Python313\python.exe
  version=3.13.0
  cwd=C:\J.A.R.V.I.S\local_jarvis
  env=yes
  mode=tray+wakeword(env)+debug-startup
[2026-05-24T14:29:36.875675+00:00] startup
  mode=tray
  wake=True
  voice=True
  speak=False
  python=C:\Users\babi2\AppData\Local\Programs\Python\Python313\python.exe
[2026-05-24T14:29:36.876957+00:00] background quiet mode: tray only (no console HUD)
[2026-05-24T14:29:36.878195+00:00] tray: entering main loop
[2026-05-24T14:29:36.881852+00:00] tray: main loop ended
[2026-05-24T14:49:28.010424+00:00] wakeword-only: stopped
[2026-05-24T14:52:22.454670+00:00] smoke test begin
[2026-05-24T14:52:22.457162+00:00] smoke test PASS
  .env file=PASS (ok)
  config loaded=PASS (ok)
  pystray import=PASS (ok)
  Pillow import=PASS (ok)
  PySide6 import=PASS (ok)
  openwakeword import=PASS (ok)
  onnxruntime import=PASS (ok)
  sounddevice import=PASS (ok)
  pyttsx3 import=PASS (ok)
  wake word model file=PASS (C:\Users\babi2\AppData\Local\Programs\Python\Python313\Lib\site-packages\openwakeword\resources\models\hey_jarvis_v0.1.onnx)
  microphone query=PASS (18 input device(s))
  overlay config=PASS (OVERLAY_ENABLED=True style=premium_ironman_full theme=jarvis_blue opacity=0.92)
[2026-05-24T14:52:25.725137+00:00] startup header
  executable=C:\Users\babi2\AppData\Local\Programs\Python\Python313\python.exe
  version=3.13.0
  cwd=C:\J.A.R.V.I.S\local_jarvis
  env=yes
  mode=tray+wakeword+speak
[2026-05-24T14:52:31.337425+00:00] startup header
  executable=C:\Users\babi2\AppData\Local\Programs\Python\Python313\python.exe
  version=3.13.0
  cwd=C:\J.A.R.V.I.S\local_jarvis
  env=yes
  mode=tray+wakeword+speak
[2026-05-24T14:52:31.338839+00:00] startup
  mode=tray
  wake=True
  voice=True
  speak=True
  python=C:\Users\babi2\AppData\Local\Programs\Python\Python313\python.exe
[2026-05-24T14:52:31.340849+00:00] background quiet mode: tray only (no console HUD)
[2026-05-24T14:52:31.342162+00:00] tray: entering main loop
[2026-05-24T14:52:31.343419+00:00] tray: main loop ended
[2026-05-24T14:52:34.579671+00:00] watchdog started
[2026-05-24T14:52:34.581719+00:00] tray icon run() starting
[2026-05-24T14:52:34.583288+00:00] tray run() ended
[2026-05-24T14:52:40.962031+00:00] watchdog started
[2026-05-24T14:52:40.964120+00:00] tray icon run() starting
[2026-05-24T14:52:40.965243+00:00] tray run() ended
[2026-05-24T14:52:44.144732+00:00] startup header
  executable=C:\Users\babi2\AppData\Local\Programs\Python\Python313\python.exe
  version=3.13.0
  cwd=C:\J.A.R.V.I.S\local_jarvis
  env=yes
  mode=smoke
[2026-05-24T14:52:47.158011+00:00] startup header
  executable=C:\Users\babi2\AppData\Local\Programs\Python\Python313\python.exe
  version=3.13.0
  cwd=C:\J.A.R.V.I.S\local_jarvis
  env=yes
  mode=tray+wakeword(env)+debug-startup
[2026-05-24T14:52:50.397301+00:00] startup header
  executable=C:\Users\babi2\AppData\Local\Programs\Python\Python313\python.exe
  version=3.13.0
  cwd=C:\J.A.R.V.I.S\local_jarvis
  env=yes
  mode=tray+wakeword(env)+debug-startup
[2026-05-24T14:52:50.398411+00:00] startup
  mode=tray
  wake=True
  voice=True
  speak=False
  python=C:\Users\babi2\AppData\Local\Programs\Python\Python313\python.exe
[2026-05-24T14:52:50.400825+00:00] background quiet mode: tray only (no console HUD)
[2026-05-24T14:52:50.402528+00:00] tray: entering main loop
[2026-05-24T14:52:50.426672+00:00] tray: main loop ended
[2026-05-24T15:17:36.013537+00:00] smoke test begin
[2026-05-24T15:17:36.016303+00:00] smoke test PASS
  .env file=PASS (ok)
  config loaded=PASS (ok)
  pystray import=PASS (ok)
  Pillow import=PASS (ok)
  PySide6 import=PASS (ok)
  openwakeword import=PASS (ok)
  onnxruntime import=PASS (ok)
  sounddevice import=PASS (ok)
  pyttsx3 import=PASS (ok)
  wake word model file=PASS (C:\Users\babi2\AppData\Local\Programs\Python\Python313\Lib\site-packages\openwakeword\resources\models\hey_jarvis_v0.1.onnx)
  microphone query=PASS (18 input device(s))
  overlay config=PASS (OVERLAY_ENABLED=True style=premium_ironman_full theme=jarvis_blue opacity=0.92)
[2026-05-24T15:17:39.292348+00:00] startup header
  executable=C:\Users\babi2\AppData\Local\Programs\Python\Python313\python.exe
  version=3.13.0
  cwd=C:\J.A.R.V.I.S\local_jarvis
  env=yes
  mode=tray+wakeword+speak
[2026-05-24T15:17:44.659809+00:00] startup header
  executable=C:\Users\babi2\AppData\Local\Programs\Python\Python313\python.exe
  version=3.13.0
  cwd=C:\J.A.R.V.I.S\local_jarvis
  env=yes
  mode=tray+wakeword+speak
[2026-05-24T15:17:44.660806+00:00] startup
  mode=tray
  wake=True
  voice=True
  speak=True
  python=C:\Users\babi2\AppData\Local\Programs\Python\Python313\python.exe
[2026-05-24T15:17:44.663358+00:00] background quiet mode: tray only (no console HUD)
[2026-05-24T15:17:44.664172+00:00] tray: entering main loop
[2026-05-24T15:17:44.665192+00:00] tray: main loop ended
[2026-05-24T15:17:47.902588+00:00] watchdog started
[2026-05-24T15:17:47.904806+00:00] tray icon run() starting
[2026-05-24T15:17:47.906004+00:00] tray run() ended
[2026-05-24T15:17:54.293594+00:00] watchdog started
[2026-05-24T15:17:54.295397+00:00] tray icon run() starting
[2026-05-24T15:17:54.296435+00:00] tray run() ended
[2026-05-24T15:17:57.474131+00:00] startup header
  executable=C:\Users\babi2\AppData\Local\Programs\Python\Python313\python.exe
  version=3.13.0
  cwd=C:\J.A.R.V.I.S\local_jarvis
  env=yes
  mode=smoke
[2026-05-24T15:18:00.494080+00:00] startup header
  executable=C:\Users\babi2\AppData\Local\Programs\Python\Python313\python.exe
  version=3.13.0
  cwd=C:\J.A.R.V.I.S\local_jarvis
  env=yes
  mode=tray+wakeword(env)+debug-startup
[2026-05-24T15:18:03.768663+00:00] startup header
  executable=C:\Users\babi2\AppData\Local\Programs\Python\Python313\python.exe
  version=3.13.0
  cwd=C:\J.A.R.V.I.S\local_jarvis
  env=yes
  mode=tray+wakeword(env)+debug-startup
[2026-05-24T15:18:03.769840+00:00] startup
  mode=tray
  wake=True
  voice=True
  speak=False
  python=C:\Users\babi2\AppData\Local\Programs\Python\Python313\python.exe
[2026-05-24T15:18:03.772527+00:00] background quiet mode: tray only (no console HUD)
[2026-05-24T15:18:03.774436+00:00] tray: entering main loop
[2026-05-24T15:18:03.780437+00:00] tray: main loop ended
[2026-05-24T15:50:08.249718+00:00] smoke test begin
[2026-05-24T15:50:08.251955+00:00] smoke test PASS
  .env file=PASS (ok)
  config loaded=PASS (ok)
  pystray import=PASS (ok)
  Pillow import=PASS (ok)
  PySide6 import=PASS (ok)
  openwakeword import=PASS (ok)
  onnxruntime import=PASS (ok)
  sounddevice import=PASS (ok)
  pyttsx3 import=PASS (ok)
  wake word model file=PASS (C:\Users\babi2\AppData\Local\Programs\Python\Python313\Lib\site-packages\openwakeword\resources\models\hey_jarvis_v0.1.onnx)
  microphone query=PASS (18 input device(s))
  overlay config=PASS (OVERLAY_ENABLED=True style=premium_ironman_full theme=jarvis_blue opacity=0.92)
[2026-05-24T15:50:11.537670+00:00] startup header
  executable=C:\Users\babi2\AppData\Local\Programs\Python\Python313\python.exe
  version=3.13.0
  cwd=C:\J.A.R.V.I.S\local_jarvis
  env=yes
  mode=tray+wakeword+speak
[2026-05-24T15:50:17.247368+00:00] startup header
  executable=C:\Users\babi2\AppData\Local\Programs\Python\Python313\python.exe
  version=3.13.0
  cwd=C:\J.A.R.V.I.S\local_jarvis
  env=yes
  mode=tray+wakeword+speak
[2026-05-24T15:50:17.249064+00:00] startup
  mode=tray
  wake=True
  voice=True
  speak=True
  python=C:\Users\babi2\AppData\Local\Programs\Python\Python313\python.exe
[2026-05-24T15:50:17.250741+00:00] background quiet mode: tray only (no console HUD)
[2026-05-24T15:50:17.251625+00:00] tray: entering main loop
[2026-05-24T15:50:17.252820+00:00] tray: main loop ended
[2026-05-24T15:50:20.469477+00:00] watchdog started
[2026-05-24T15:50:20.471208+00:00] tray icon run() starting
[2026-05-24T15:50:20.472727+00:00] tray run() ended
[2026-05-24T15:50:26.891311+00:00] watchdog started
[2026-05-24T15:50:26.893341+00:00] tray icon run() starting
[2026-05-24T15:50:26.894373+00:00] tray run() ended
[2026-05-24T15:50:30.080030+00:00] startup header
  executable=C:\Users\babi2\AppData\Local\Programs\Python\Python313\python.exe
  version=3.13.0
  cwd=C:\J.A.R.V.I.S\local_jarvis
  env=yes
  mode=smoke
[2026-05-24T15:50:33.105370+00:00] startup header
  executable=C:\Users\babi2\AppData\Local\Programs\Python\Python313\python.exe
  version=3.13.0
  cwd=C:\J.A.R.V.I.S\local_jarvis
  env=yes
  mode=tray+wakeword(env)+debug-startup
[2026-05-24T15:50:36.960352+00:00] startup header
  executable=C:\Users\babi2\AppData\Local\Programs\Python\Python313\python.exe
  version=3.13.0
  cwd=C:\J.A.R.V.I.S\local_jarvis
  env=yes
  mode=tray+wakeword(env)+debug-startup
[2026-05-24T15:50:36.961645+00:00] startup
  mode=tray
  wake=True
  voice=True
  speak=False
  python=C:\Users\babi2\AppData\Local\Programs\Python\Python313\python.exe
[2026-05-24T15:50:36.963599+00:00] background quiet mode: tray only (no console HUD)
[2026-05-24T15:50:36.965808+00:00] tray: entering main loop
[2026-05-24T15:50:36.971364+00:00] tray: main loop ended
[2026-05-24T16:28:25.729809+00:00] smoke test begin
[2026-05-24T16:28:25.731622+00:00] smoke test PASS
  .env file=PASS (ok)
  config loaded=PASS (ok)
  pystray import=PASS (ok)
  Pillow import=PASS (ok)
  PySide6 import=PASS (ok)
  openwakeword import=PASS (ok)
  onnxruntime import=PASS (ok)
  sounddevice import=PASS (ok)
  pyttsx3 import=PASS (ok)
  wake word model file=PASS (C:\Users\babi2\AppData\Local\Programs\Python\Python313\Lib\site-packages\openwakeword\resources\models\hey_jarvis_v0.1.onnx)
  microphone query=PASS (18 input device(s))
  overlay config=PASS (OVERLAY_ENABLED=True style=premium_ironman_full theme=jarvis_blue opacity=0.92)
[2026-05-24T16:28:29.014848+00:00] startup header
  executable=C:\Users\babi2\AppData\Local\Programs\Python\Python313\python.exe
  version=3.13.0
  cwd=C:\J.A.R.V.I.S\local_jarvis
  env=yes
  mode=tray+wakeword+speak
[2026-05-24T16:28:33.955448+00:00] startup header
  executable=C:\Users\babi2\AppData\Local\Programs\Python\Python313\python.exe
  version=3.13.0
  cwd=C:\J.A.R.V.I.S\local_jarvis
  env=yes
  mode=tray+wakeword+speak
[2026-05-24T16:28:33.956551+00:00] startup
  mode=tray
  wake=True
  voice=True
  speak=True
  python=C:\Users\babi2\AppData\Local\Programs\Python\Python313\python.exe
[2026-05-24T16:28:33.958357+00:00] background quiet mode: tray only (no console HUD)
[2026-05-24T16:28:33.958982+00:00] tray: entering main loop
[2026-05-24T16:28:33.959796+00:00] tray: main loop ended
[2026-05-24T16:28:37.184751+00:00] watchdog started
[2026-05-24T16:28:37.186273+00:00] tray icon run() starting
[2026-05-24T16:28:37.187516+00:00] tray run() ended
[2026-05-24T16:28:43.599994+00:00] watchdog started
[2026-05-24T16:28:43.601398+00:00] tray icon run() starting
[2026-05-24T16:28:43.602255+00:00] tray run() ended
[2026-05-24T16:28:46.801372+00:00] startup header
  executable=C:\Users\babi2\AppData\Local\Programs\Python\Python313\python.exe
  version=3.13.0
  cwd=C:\J.A.R.V.I.S\local_jarvis
  env=yes
  mode=smoke
[2026-05-24T16:28:49.833800+00:00] startup header
  executable=C:\Users\babi2\AppData\Local\Programs\Python\Python313\python.exe
  version=3.13.0
  cwd=C:\J.A.R.V.I.S\local_jarvis
  env=yes
  mode=tray+wakeword(env)+debug-startup
[2026-05-24T16:28:53.350603+00:00] startup header
  executable=C:\Users\babi2\AppData\Local\Programs\Python\Python313\python.exe
  version=3.13.0
  cwd=C:\J.A.R.V.I.S\local_jarvis
  env=yes
  mode=tray+wakeword(env)+debug-startup
[2026-05-24T16:28:53.351415+00:00] startup
  mode=tray
  wake=True
  voice=True
  speak=False
  python=C:\Users\babi2\AppData\Local\Programs\Python\Python313\python.exe
[2026-05-24T16:28:53.352853+00:00] background quiet mode: tray only (no console HUD)
[2026-05-24T16:28:53.354441+00:00] tray: entering main loop
[2026-05-24T16:28:53.358648+00:00] tray: main loop ended
[2026-05-24T17:20:58.109322+00:00] smoke test begin
[2026-05-24T17:20:58.111372+00:00] smoke test PASS
  .env file=PASS (ok)
  config loaded=PASS (ok)
  pystray import=PASS (ok)
  Pillow import=PASS (ok)
  PySide6 import=PASS (ok)
  openwakeword import=PASS (ok)
  onnxruntime import=PASS (ok)
  sounddevice import=PASS (ok)
  pyttsx3 import=PASS (ok)
  wake word model file=PASS (C:\Users\babi2\AppData\Local\Programs\Python\Python313\Lib\site-packages\openwakeword\resources\models\hey_jarvis_v0.1.onnx)
  microphone query=PASS (18 input device(s))
  overlay config=PASS (OVERLAY_ENABLED=True style=premium_ironman_full theme=jarvis_blue opacity=0.92)
[2026-05-24T17:21:01.400864+00:00] startup header
  executable=C:\Users\babi2\AppData\Local\Programs\Python\Python313\python.exe
  version=3.13.0
  cwd=C:\J.A.R.V.I.S\local_jarvis
  env=yes
  mode=tray+wakeword+speak
[2026-05-24T17:21:13.471172+00:00] startup header
  executable=C:\Users\babi2\AppData\Local\Programs\Python\Python313\python.exe
  version=3.13.0
  cwd=C:\J.A.R.V.I.S\local_jarvis
  env=yes
  mode=tray+wakeword+speak
[2026-05-24T17:21:13.472020+00:00] startup
  mode=tray
  wake=True
  voice=True
  speak=True
  python=C:\Users\babi2\AppData\Local\Programs\Python\Python313\python.exe
[2026-05-24T17:21:13.473269+00:00] background quiet mode: tray only (no console HUD)
[2026-05-24T17:21:13.473864+00:00] tray: entering main loop
[2026-05-24T17:21:13.474874+00:00] tray: main loop ended
[2026-05-24T17:21:16.693216+00:00] watchdog started
[2026-05-24T17:21:16.694625+00:00] tray icon run() starting
[2026-05-24T17:21:16.695689+00:00] tray run() ended
[2026-05-24T17:21:23.153748+00:00] watchdog started
[2026-05-24T17:21:23.155334+00:00] tray icon run() starting
[2026-05-24T17:21:23.156307+00:00] tray run() ended
[2026-05-24T17:21:26.371083+00:00] startup header
  executable=C:\Users\babi2\AppData\Local\Programs\Python\Python313\python.exe
  version=3.13.0
  cwd=C:\J.A.R.V.I.S\local_jarvis
  env=yes
  mode=smoke
[2026-05-24T17:21:29.411829+00:00] startup header
  executable=C:\Users\babi2\AppData\Local\Programs\Python\Python313\python.exe
  version=3.13.0
  cwd=C:\J.A.R.V.I.S\local_jarvis
  env=yes
  mode=tray+wakeword(env)+debug-startup
[2026-05-24T17:21:40.047473+00:00] startup header
  executable=C:\Users\babi2\AppData\Local\Programs\Python\Python313\python.exe
  version=3.13.0
  cwd=C:\J.A.R.V.I.S\local_jarvis
  env=yes
  mode=tray+wakeword(env)+debug-startup
[2026-05-24T17:21:40.048202+00:00] startup
  mode=tray
  wake=True
  voice=True
  speak=False
  python=C:\Users\babi2\AppData\Local\Programs\Python\Python313\python.exe
[2026-05-24T17:21:40.049419+00:00] background quiet mode: tray only (no console HUD)
[2026-05-24T17:21:40.050938+00:00] tray: entering main loop
[2026-05-24T17:21:40.054575+00:00] tray: main loop ended
[2026-05-24T17:37:46.461618+00:00] startup header
  executable=C:\Users\babi2\AppData\Local\Programs\Python\Python313\python.exe
  version=3.13.0
  cwd=C:\J.A.R.V.I.S\local_jarvis
  env=yes
  mode=text(default)+wakeword(env)
[2026-05-24T17:37:46.516891+00:00] import pystray: ok
[2026-05-24T17:37:46.518814+00:00] import Pillow: ok
[2026-05-24T17:37:47.577390+00:00] import openwakeword: ok
[2026-05-24T17:37:47.578011+00:00] import onnxruntime: ok
[2026-05-24T17:37:47.728622+00:00] import sounddevice: ok
[2026-05-24T17:37:47.730865+00:00] import pyttsx3: ok
[2026-05-24T17:37:47.760567+00:00] import PySide6: ok
[2026-05-24T17:38:36.010012+00:00] startup header
  executable=C:\Users\babi2\AppData\Local\Programs\Python\Python313\python.exe
  version=3.13.0
  cwd=C:\J.A.R.V.I.S\local_jarvis
  env=yes
  mode=text(default)+wakeword(env)
[2026-05-24T17:38:36.010910+00:00] startup
  mode=other
  wake=True
  voice=True
  speak=True
  python=C:\Users\babi2\AppData\Local\Programs\Python\Python313\python.exe
[2026-05-24T17:38:36.016454+00:00] wakeword-only: detector starting
[2026-05-24T17:38:36.042640+00:00] wakeword-only: keepalive loop
[2026-05-24T17:51:44.571987+00:00] smoke test begin
[2026-05-24T17:51:44.573637+00:00] smoke test PASS
  .env file=PASS (ok)
  config loaded=PASS (ok)
  pystray import=PASS (ok)
  Pillow import=PASS (ok)
  PySide6 import=PASS (ok)
  openwakeword import=PASS (ok)
  onnxruntime import=PASS (ok)
  sounddevice import=PASS (ok)
  pyttsx3 import=PASS (ok)
  wake word model file=PASS (C:\Users\babi2\AppData\Local\Programs\Python\Python313\Lib\site-packages\openwakeword\resources\models\hey_jarvis_v0.1.onnx)
  microphone query=PASS (18 input device(s))
  overlay config=PASS (OVERLAY_ENABLED=True style=premium_ironman_full theme=jarvis_blue opacity=0.92)
[2026-05-24T17:51:47.604032+00:00] startup header
  executable=C:\Users\babi2\AppData\Local\Programs\Python\Python313\python.exe
  version=3.13.0
  cwd=C:\J.A.R.V.I.S\local_jarvis
  env=yes
  mode=tray+wakeword+speak
[2026-05-24T17:51:55.241518+00:00] startup header
  executable=C:\Users\babi2\AppData\Local\Programs\Python\Python313\python.exe
  version=3.13.0
  cwd=C:\J.A.R.V.I.S\local_jarvis
  env=yes
  mode=tray+wakeword+speak
[2026-05-24T17:51:55.242260+00:00] startup
  mode=tray
  wake=True
  voice=True
  speak=True
  python=C:\Users\babi2\AppData\Local\Programs\Python\Python313\python.exe
[2026-05-24T17:51:55.243549+00:00] background quiet mode: tray only (no console HUD)
[2026-05-24T17:51:55.244179+00:00] tray: entering main loop
[2026-05-24T17:51:55.244950+00:00] tray: main loop ended
[2026-05-24T17:51:58.440198+00:00] watchdog started
[2026-05-24T17:51:58.441694+00:00] tray icon run() starting
[2026-05-24T17:51:58.442632+00:00] tray run() ended
[2026-05-24T17:52:04.858486+00:00] watchdog started
[2026-05-24T17:52:04.860006+00:00] tray icon run() starting
[2026-05-24T17:52:04.860977+00:00] tray run() ended
[2026-05-24T17:52:08.058226+00:00] startup header
  executable=C:\Users\babi2\AppData\Local\Programs\Python\Python313\python.exe
  version=3.13.0
  cwd=C:\J.A.R.V.I.S\local_jarvis
  env=yes
  mode=smoke
[2026-05-24T17:52:11.092775+00:00] startup header
  executable=C:\Users\babi2\AppData\Local\Programs\Python\Python313\python.exe
  version=3.13.0
  cwd=C:\J.A.R.V.I.S\local_jarvis
  env=yes
  mode=tray+wakeword(env)+debug-startup
[2026-05-24T17:52:14.688251+00:00] startup header
  executable=C:\Users\babi2\AppData\Local\Programs\Python\Python313\python.exe
  version=3.13.0
  cwd=C:\J.A.R.V.I.S\local_jarvis
  env=yes
  mode=tray+wakeword(env)+debug-startup
[2026-05-24T17:52:14.688961+00:00] startup
  mode=tray
  wake=True
  voice=True
  speak=False
  python=C:\Users\babi2\AppData\Local\Programs\Python\Python313\python.exe
[2026-05-24T17:52:14.690187+00:00] background quiet mode: tray only (no console HUD)
[2026-05-24T17:52:14.691357+00:00] tray: entering main loop
[2026-05-24T17:52:14.694936+00:00] tray: main loop ended
[2026-05-24T18:08:01.199985+00:00] wakeword-only: stopped
[2026-05-24T18:08:04.146417+00:00] startup header
  executable=C:\Users\babi2\AppData\Local\Programs\Python\Python313\python.exe
  version=3.13.0
  cwd=C:\J.A.R.V.I.S\local_jarvis
  env=yes
  mode=text(default)+wakeword(env)
[2026-05-24T18:08:04.190373+00:00] import pystray: ok
[2026-05-24T18:08:04.192243+00:00] import Pillow: ok
[2026-05-24T18:08:08.910450+00:00] import openwakeword: ok
[2026-05-24T18:08:08.911189+00:00] import onnxruntime: ok
[2026-05-24T18:08:09.101343+00:00] import sounddevice: ok
[2026-05-24T18:08:09.103762+00:00] import pyttsx3: ok
[2026-05-24T18:08:09.183292+00:00] import PySide6: ok
[2026-05-24T18:08:16.553546+00:00] startup header
  executable=C:\Users\babi2\AppData\Local\Programs\Python\Python313\python.exe
  version=3.13.0
  cwd=C:\J.A.R.V.I.S\local_jarvis
  env=yes
  mode=text(default)+wakeword(env)
[2026-05-24T18:08:16.554442+00:00] startup
  mode=other
  wake=True
  voice=True
  speak=True
  python=C:\Users\babi2\AppData\Local\Programs\Python\Python313\python.exe
[2026-05-24T18:08:16.559674+00:00] wakeword-only: detector starting
[2026-05-24T18:08:16.599346+00:00] wakeword-only: keepalive loop
[2026-05-24T18:15:24.508965+00:00] smoke test begin
[2026-05-24T18:15:24.510468+00:00] smoke test PASS
  .env file=PASS (ok)
  config loaded=PASS (ok)
  pystray import=PASS (ok)
  Pillow import=PASS (ok)
  PySide6 import=PASS (ok)
  openwakeword import=PASS (ok)
  onnxruntime import=PASS (ok)
  sounddevice import=PASS (ok)
  pyttsx3 import=PASS (ok)
  wake word model file=PASS (C:\Users\babi2\AppData\Local\Programs\Python\Python313\Lib\site-packages\openwakeword\resources\models\hey_jarvis_v0.1.onnx)
  microphone query=PASS (18 input device(s))
  overlay config=PASS (OVERLAY_ENABLED=True style=premium_ironman_full theme=jarvis_blue opacity=0.92)
[2026-05-24T18:15:24.525176+00:00] startup header
  executable=C:\Users\babi2\AppData\Local\Programs\Python\Python313\python.exe
  version=3.13.0
  cwd=C:\J.A.R.V.I.S\local_jarvis
  env=yes
  mode=tray+wakeword+speak
[2026-05-24T18:15:29.955847+00:00] startup header
  executable=C:\Users\babi2\AppData\Local\Programs\Python\Python313\python.exe
  version=3.13.0
  cwd=C:\J.A.R.V.I.S\local_jarvis
  env=yes
  mode=tray+wakeword+speak
[2026-05-24T18:15:29.956607+00:00] startup
  mode=tray
  wake=True
  voice=True
  speak=True
  python=C:\Users\babi2\AppData\Local\Programs\Python\Python313\python.exe
[2026-05-24T18:15:29.957837+00:00] background quiet mode: tray only (no console HUD)
[2026-05-24T18:15:29.958502+00:00] tray: entering main loop
[2026-05-24T18:15:29.959294+00:00] tray: main loop ended
[2026-05-24T18:15:33.214788+00:00] watchdog started
[2026-05-24T18:15:33.216288+00:00] tray icon run() starting
[2026-05-24T18:15:33.217227+00:00] tray run() ended
[2026-05-24T18:15:39.634985+00:00] watchdog started
[2026-05-24T18:15:39.636371+00:00] tray icon run() starting
[2026-05-24T18:15:39.637365+00:00] tray run() ended
[2026-05-24T18:15:42.831457+00:00] startup header
  executable=C:\Users\babi2\AppData\Local\Programs\Python\Python313\python.exe
  version=3.13.0
  cwd=C:\J.A.R.V.I.S\local_jarvis
  env=yes
  mode=smoke
[2026-05-24T18:15:45.865356+00:00] startup header
  executable=C:\Users\babi2\AppData\Local\Programs\Python\Python313\python.exe
  version=3.13.0
  cwd=C:\J.A.R.V.I.S\local_jarvis
  env=yes
  mode=tray+wakeword(env)+debug-startup
[2026-05-24T18:15:49.542174+00:00] startup header
  executable=C:\Users\babi2\AppData\Local\Programs\Python\Python313\python.exe
  version=3.13.0
  cwd=C:\J.A.R.V.I.S\local_jarvis
  env=yes
  mode=tray+wakeword(env)+debug-startup
[2026-05-24T18:15:49.542937+00:00] startup
  mode=tray
  wake=True
  voice=True
  speak=False
  python=C:\Users\babi2\AppData\Local\Programs\Python\Python313\python.exe
[2026-05-24T18:15:49.544244+00:00] background quiet mode: tray only (no console HUD)
[2026-05-24T18:15:49.545381+00:00] tray: entering main loop
[2026-05-24T18:15:49.546687+00:00] tray: main loop ended
[2026-05-24T18:31:03.798759+00:00] smoke test begin
[2026-05-24T18:31:03.800416+00:00] smoke test PASS
  .env file=PASS (ok)
  config loaded=PASS (ok)
  pystray import=PASS (ok)
  Pillow import=PASS (ok)
  PySide6 import=PASS (ok)
  openwakeword import=PASS (ok)
  onnxruntime import=PASS (ok)
  sounddevice import=PASS (ok)
  pyttsx3 import=PASS (ok)
  wake word model file=PASS (C:\Users\babi2\AppData\Local\Programs\Python\Python313\Lib\site-packages\openwakeword\resources\models\hey_jarvis_v0.1.onnx)
  microphone query=PASS (18 input device(s))
  overlay config=PASS (OVERLAY_ENABLED=True style=premium_ironman_full theme=jarvis_blue opacity=0.92)
[2026-05-24T18:31:06.832384+00:00] startup header
  executable=C:\Users\babi2\AppData\Local\Programs\Python\Python313\python.exe
  version=3.13.0
  cwd=C:\J.A.R.V.I.S\local_jarvis
  env=yes
  mode=tray+wakeword+speak
[2026-05-24T18:31:11.384055+00:00] startup header
  executable=C:\Users\babi2\AppData\Local\Programs\Python\Python313\python.exe
  version=3.13.0
  cwd=C:\J.A.R.V.I.S\local_jarvis
  env=yes
  mode=tray+wakeword+speak
[2026-05-24T18:31:11.384803+00:00] startup
  mode=tray
  wake=True
  voice=True
  speak=True
  python=C:\Users\babi2\AppData\Local\Programs\Python\Python313\python.exe
[2026-05-24T18:31:11.386075+00:00] background quiet mode: tray only (no console HUD)
[2026-05-24T18:31:11.386640+00:00] tray: entering main loop
[2026-05-24T18:31:11.387402+00:00] tray: main loop ended
[2026-05-24T18:31:14.578281+00:00] watchdog started
[2026-05-24T18:31:14.579727+00:00] tray icon run() starting
[2026-05-24T18:31:14.598054+00:00] tray run() ended
[2026-05-24T18:31:20.991455+00:00] watchdog started
[2026-05-24T18:31:20.992877+00:00] tray icon run() starting
[2026-05-24T18:31:20.994258+00:00] tray run() ended
[2026-05-24T18:31:24.174464+00:00] startup header
  executable=C:\Users\babi2\AppData\Local\Programs\Python\Python313\python.exe
  version=3.13.0
  cwd=C:\J.A.R.V.I.S\local_jarvis
  env=yes
  mode=smoke
[2026-05-24T18:31:27.207941+00:00] startup header
  executable=C:\Users\babi2\AppData\Local\Programs\Python\Python313\python.exe
  version=3.13.0
  cwd=C:\J.A.R.V.I.S\local_jarvis
  env=yes
  mode=tray+wakeword(env)+debug-startup
[2026-05-24T18:31:30.697105+00:00] startup header
  executable=C:\Users\babi2\AppData\Local\Programs\Python\Python313\python.exe
  version=3.13.0
  cwd=C:\J.A.R.V.I.S\local_jarvis
  env=yes
  mode=tray+wakeword(env)+debug-startup
[2026-05-24T18:31:30.697842+00:00] startup
  mode=tray
  wake=True
  voice=True
  speak=False
  python=C:\Users\babi2\AppData\Local\Programs\Python\Python313\python.exe
[2026-05-24T18:31:30.699051+00:00] background quiet mode: tray only (no console HUD)
[2026-05-24T18:31:30.700254+00:00] tray: entering main loop
[2026-05-24T18:31:30.701812+00:00] tray: main loop ended
[2026-05-24T18:40:17.752760+00:00] smoke test begin
[2026-05-24T18:40:17.754335+00:00] smoke test PASS
  .env file=PASS (ok)
  config loaded=PASS (ok)
  pystray import=PASS (ok)
  Pillow import=PASS (ok)
  PySide6 import=PASS (ok)
  openwakeword import=PASS (ok)
  onnxruntime import=PASS (ok)
  sounddevice import=PASS (ok)
  pyttsx3 import=PASS (ok)
  wake word model file=PASS (C:\Users\babi2\AppData\Local\Programs\Python\Python313\Lib\site-packages\openwakeword\resources\models\hey_jarvis_v0.1.onnx)
  microphone query=PASS (18 input device(s))
  overlay config=PASS (OVERLAY_ENABLED=True style=premium_ironman_full theme=jarvis_blue opacity=0.92)
[2026-05-24T18:40:20.795984+00:00] startup header
  executable=C:\Users\babi2\AppData\Local\Programs\Python\Python313\python.exe
  version=3.13.0
  cwd=C:\J.A.R.V.I.S\local_jarvis
  env=yes
  mode=tray+wakeword+speak
[2026-05-24T18:40:25.416978+00:00] startup header
  executable=C:\Users\babi2\AppData\Local\Programs\Python\Python313\python.exe
  version=3.13.0
  cwd=C:\J.A.R.V.I.S\local_jarvis
  env=yes
  mode=tray+wakeword+speak
[2026-05-24T18:40:25.417804+00:00] startup
  mode=tray
  wake=True
  voice=True
  speak=True
  python=C:\Users\babi2\AppData\Local\Programs\Python\Python313\python.exe
[2026-05-24T18:40:25.419119+00:00] background quiet mode: tray only (no console HUD)
[2026-05-24T18:40:25.419690+00:00] tray: entering main loop
[2026-05-24T18:40:25.420459+00:00] tray: main loop ended
[2026-05-24T18:40:28.617405+00:00] watchdog started
[2026-05-24T18:40:28.618753+00:00] tray icon run() starting
[2026-05-24T18:40:28.622858+00:00] tray run() ended
[2026-05-24T18:40:35.024409+00:00] watchdog started
[2026-05-24T18:40:35.025785+00:00] tray icon run() starting
[2026-05-24T18:40:35.027166+00:00] tray run() ended
[2026-05-24T18:40:38.219134+00:00] startup header
  executable=C:\Users\babi2\AppData\Local\Programs\Python\Python313\python.exe
  version=3.13.0
  cwd=C:\J.A.R.V.I.S\local_jarvis
  env=yes
  mode=smoke
[2026-05-24T18:40:41.240335+00:00] startup header
  executable=C:\Users\babi2\AppData\Local\Programs\Python\Python313\python.exe
  version=3.13.0
  cwd=C:\J.A.R.V.I.S\local_jarvis
  env=yes
  mode=tray+wakeword(env)+debug-startup
[2026-05-24T18:40:44.639982+00:00] startup header
  executable=C:\Users\babi2\AppData\Local\Programs\Python\Python313\python.exe
  version=3.13.0
  cwd=C:\J.A.R.V.I.S\local_jarvis
  env=yes
  mode=tray+wakeword(env)+debug-startup
[2026-05-24T18:40:44.640771+00:00] startup
  mode=tray
  wake=True
  voice=True
  speak=False
  python=C:\Users\babi2\AppData\Local\Programs\Python\Python313\python.exe
[2026-05-24T18:40:44.642214+00:00] background quiet mode: tray only (no console HUD)
[2026-05-24T18:40:44.643365+00:00] tray: entering main loop
[2026-05-24T18:40:44.644909+00:00] tray: main loop ended
[2026-05-24T18:48:59.847430+00:00] smoke test begin
[2026-05-24T18:48:59.849152+00:00] smoke test PASS
  .env file=PASS (ok)
  config loaded=PASS (ok)
  pystray import=PASS (ok)
  Pillow import=PASS (ok)
  PySide6 import=PASS (ok)
  openwakeword import=PASS (ok)
  onnxruntime import=PASS (ok)
  sounddevice import=PASS (ok)
  pyttsx3 import=PASS (ok)
  wake word model file=PASS (C:\Users\babi2\AppData\Local\Programs\Python\Python313\Lib\site-packages\openwakeword\resources\models\hey_jarvis_v0.1.onnx)
  microphone query=PASS (18 input device(s))
  overlay config=PASS (OVERLAY_ENABLED=True style=premium_ironman_full theme=jarvis_blue opacity=0.92)
[2026-05-24T18:49:02.878692+00:00] startup header
  executable=C:\Users\babi2\AppData\Local\Programs\Python\Python313\python.exe
  version=3.13.0
  cwd=C:\J.A.R.V.I.S\local_jarvis
  env=yes
  mode=tray+wakeword+speak
[2026-05-24T18:49:07.381633+00:00] startup header
  executable=C:\Users\babi2\AppData\Local\Programs\Python\Python313\python.exe
  version=3.13.0
  cwd=C:\J.A.R.V.I.S\local_jarvis
  env=yes
  mode=tray+wakeword+speak
[2026-05-24T18:49:07.382395+00:00] startup
  mode=tray
  wake=True
  voice=True
  speak=True
  python=C:\Users\babi2\AppData\Local\Programs\Python\Python313\python.exe
[2026-05-24T18:49:07.383692+00:00] background quiet mode: tray only (no console HUD)
[2026-05-24T18:49:07.384264+00:00] tray: entering main loop
[2026-05-24T18:49:07.385016+00:00] tray: main loop ended
[2026-05-24T18:49:10.629577+00:00] watchdog started
[2026-05-24T18:49:10.630862+00:00] tray icon run() starting
[2026-05-24T18:49:10.631693+00:00] tray run() ended
[2026-05-24T18:49:17.024699+00:00] watchdog started
[2026-05-24T18:49:17.025997+00:00] tray icon run() starting
[2026-05-24T18:49:17.026779+00:00] tray run() ended
[2026-05-24T18:49:20.211107+00:00] startup header
  executable=C:\Users\babi2\AppData\Local\Programs\Python\Python313\python.exe
  version=3.13.0
  cwd=C:\J.A.R.V.I.S\local_jarvis
  env=yes
  mode=smoke
[2026-05-24T18:49:23.253384+00:00] startup header
  executable=C:\Users\babi2\AppData\Local\Programs\Python\Python313\python.exe
  version=3.13.0
  cwd=C:\J.A.R.V.I.S\local_jarvis
  env=yes
  mode=tray+wakeword(env)+debug-startup
[2026-05-24T18:49:26.787375+00:00] startup header
  executable=C:\Users\babi2\AppData\Local\Programs\Python\Python313\python.exe
  version=3.13.0
  cwd=C:\J.A.R.V.I.S\local_jarvis
  env=yes
  mode=tray+wakeword(env)+debug-startup
[2026-05-24T18:49:26.788153+00:00] startup
  mode=tray
  wake=True
  voice=True
  speak=False
  python=C:\Users\babi2\AppData\Local\Programs\Python\Python313\python.exe
[2026-05-24T18:49:26.789404+00:00] background quiet mode: tray only (no console HUD)
[2026-05-24T18:49:26.790530+00:00] tray: entering main loop
[2026-05-24T18:49:26.794036+00:00] tray: main loop ended
